File "pa_ounit_test.ml", line 1, characters 0-12: <<false>> is false.

File "pa_ounit_test.ml", line 2, characters 0-17: <<raise Exit>> threw Pervasives.Exit.
  Raised at file "pa_ounit_test.ml", line 2, characters 13-17
  Called from file "runtime.ml", line XXX, characters XXX-XXX

File "pa_ounit_test.ml", line 4, characters 2-14: <<false>> is false.
  in TEST_MODULE at file "pa_ounit_test.ml", line 3, characters 0-134: name

File "pa_ounit_test.ml", line 5, characters 2-14: <<false>> is false.
  in TEST_MODULE at file "pa_ounit_test.ml", line 3, characters 0-134: name

File "pa_ounit_test.ml", line 6, characters 2-19: <<raise Exit>> threw Pervasives.Exit.
  Raised at file "pa_ounit_test.ml", line 6, characters 15-19
  Called from file "runtime.ml", line XXX, characters XXX-XXX
  in TEST_MODULE at file "pa_ounit_test.ml", line 3, characters 0-134: name

TEST_MODULE threw Pervasives.Exit.
  Raised at file "pa_ounit_test.ml", line 8, characters 19-23
  Called from file "runtime.ml", line XXX, characters XXX-XXX
  Re-raised at file "runtime.ml", line XXX, characters XXX-XXX
  in TEST_MODULE at file "pa_ounit_test.ml", line 3, characters 0-134: name

TEST_MODULE threw Pervasives.Exit.
  Raised at file "pa_ounit_test.ml", line 12, characters 17-21
  Called from file "runtime.ml", line XXX, characters XXX-XXX
  Re-raised at file "runtime.ml", line XXX, characters XXX-XXX

